
> healthcare-playwright@1.0.0 test
> playwright test tests/api/patient-api.spec.js


Running 10 tests using 1 worker

Γ£ô GET /users returned 200 status
Γ£ô Retrieved 10 patients
Γ£ô All patients have required fields with correct data types
  Γ£ô   1 [chromium] ΓÇ║ tests\api\patient-api.spec.js:42:3 ΓÇ║ Patient API Tests - @api @patient ΓÇ║ GET all patients - verify response structure and status (886ms)
Γ£ô GET /users/1 returned 200 status
Γ£ô Retrieved patient with ID: 1
Γ£ô Patient 1 - Leanne Graham has all required fields
Γ£ô Patient name verified: Leanne Graham
  Γ£ô   2 [chromium] ΓÇ║ tests\api\patient-api.spec.js:85:3 ΓÇ║ Patient API Tests - @api @patient ΓÇ║ GET single patient by ID - verify patient details (167ms)
Γ£ô Non-existent patient returns 404 status
  Γ£ô   3 [chromium] ΓÇ║ tests\api\patient-api.spec.js:127:3 ΓÇ║ Patient API Tests - @api @patient ΓÇ║ GET non-existent patient - verify 404 response (137ms)
Γ£ô POST /users returned 201 status
Γ£ô Patient created with ID: 11
Γ£ô Created patient verified: John Smith
  Γ£ô   4 [chromium] ΓÇ║ tests\api\patient-api.spec.js:147:3 ΓÇ║ Patient API Tests - @api @patient ΓÇ║ POST create new patient - verify patient is created (449ms)
Γ£ô PUT /users/1 returned 200 status
Γ£ô Patient 1 updated successfully
Γ£ô Updated name: John Smith Updated
Γ£ô Updated email: john.smith.updated@healthcare.com
  Γ£ô   5 [chromium] ΓÇ║ tests\api\patient-api.spec.js:182:3 ΓÇ║ Patient API Tests - @api @patient ΓÇ║ PUT update patient - verify patient data is updated (797ms)
Γ£ô DELETE /users/1 returned 200 status
Γ£ô Patient 1 successfully deleted
  Γ£ô   6 [chromium] ΓÇ║ tests\api\patient-api.spec.js:219:3 ΓÇ║ Patient API Tests - @api @patient ΓÇ║ DELETE patient - verify patient is removed (351ms)
Γ£ô Patient created with valid schema
  Γ£ô   7 [chromium] ΓÇ║ tests\api\patient-api.spec.js:246:3 ΓÇ║ Patient API Tests - @api @patient ΓÇ║ POST create patient with validation (362ms)
Γ£ô Response Content-Type: application/json; charset=utf-8
Γ£ô Response headers validated
  Γ£ô   8 [chromium] ΓÇ║ tests\api\patient-api.spec.js:289:3 ΓÇ║ Patient API Tests - @api @patient ΓÇ║ GET patients - verify response headers (138ms)
Γ£ô Patient 2 partially updated
  Γ£ô   9 [chromium] ΓÇ║ tests\api\patient-api.spec.js:311:3 ΓÇ║ Patient API Tests - @api @patient ΓÇ║ PATCH update patient - verify partial update (362ms)
Γ£ô API response time: 127ms
Γ£ô API performance is acceptable
  Γ£ô  10 [chromium] ΓÇ║ tests\api\patient-api.spec.js:340:3 ΓÇ║ Patient API Tests - @api @patient ΓÇ║ GET patients - verify performance (143ms)

  10 passed (8.8s)

To open last HTML report run:
[36m[39m
[36m  npx playwright show-report[39m
[36m[39m
